src/screens/ProfileScreen.tsx(185,29): error TS2339: Property 'softLinen' does not exist on type '{ background: string; surface: string; surfaceHighlight: string; text: string; textSecondary: string; textLight: string; primary: string; secondary: string; tertiary: string; lavender: string; ... 8 more ...; border: string; }'.
src/screens/ProfileScreen.tsx(223,29): error TS2339: Property 'softLinen' does not exist on type '{ background: string; surface: string; surfaceHighlight: string; text: string; textSecondary: string; textLight: string; primary: string; secondary: string; tertiary: string; lavender: string; ... 8 more ...; border: string; }'.
src/screens/ProfileScreen.tsx(249,29): error TS2339: Property 'softLinen' does not exist on type '{ background: string; surface: string; surfaceHighlight: string; text: string; textSecondary: string; textLight: string; primary: string; secondary: string; tertiary: string; lavender: string; ... 8 more ...; border: string; }'.
src/screens/ProfileScreen.tsx(272,29): error TS2339: Property 'softLinen' does not exist on type '{ background: string; surface: string; surfaceHighlight: string; text: string; textSecondary: string; textLight: string; primary: string; secondary: string; tertiary: string; lavender: string; ... 8 more ...; border: string; }'.
src/screens/ProfileScreen.tsx(294,29): error TS2339: Property 'softLinen' does not exist on type '{ background: string; surface: string; surfaceHighlight: string; text: string; textSecondary: string; textLight: string; primary: string; secondary: string; tertiary: string; lavender: string; ... 8 more ...; border: string; }'.
src/screens/ReadingScreen.tsx(158,29): error TS2339: Property 'softLinen' does not exist on type '{ background: string; surface: string; surfaceHighlight: string; text: string; textSecondary: string; textLight: string; primary: string; secondary: string; tertiary: string; lavender: string; ... 8 more ...; border: string; }'.
src/screens/ReadingScreen.tsx(221,29): error TS2339: Property 'softLinen' does not exist on type '{ background: string; surface: string; surfaceHighlight: string; text: string; textSecondary: string; textLight: string; primary: string; secondary: string; tertiary: string; lavender: string; ... 8 more ...; border: string; }'.
